// Jest Snapshot v1, https://goo.gl/fbAQLP

exports[`matches snapshots 2: click me please 1`] = `
<div
  class="button-style"
  data-testid="button"
>
  click
</div>
`;

exports[`matches snapshots: click 1`] = `
<div
  class="button-style"
  data-testid="button"
>
  click
</div>
`;
